> x <- new_ym(1L)

Summary methods are not available
=================================

> prod(x)
Error: `prod()` is not supported for <ym>.

> sum(x)
Error: `sum()` is not supported for <ym>.

> any(x)
Error: `any()` is not supported for <ym>.

> all(x)
Error: `all()` is not supported for <ym>.


Math methods are not available
==============================

> abs(x)
Error: `abs()` is not supported for <ym>.

> sign(x)
Error: `sign()` is not supported for <ym>.

> sqrt(x)
Error: `sqrt()` is not supported for <ym>.

> ceiling(x)
Error: `ceiling()` is not supported for <ym>.

> floor(x)
Error: `floor()` is not supported for <ym>.

> trunc(x)
Error: `trunc()` is not supported for <ym>.

> cummax(x)
Error: `cummax()` is not supported for <ym>.

> cummin(x)
Error: `cummin()` is not supported for <ym>.

> cumprod(x)
Error: `cumprod()` is not supported for <ym>.

> cumsum(x)
Error: `cumsum()` is not supported for <ym>.

> log(x)
Error: `log()` is not supported for <ym>.

> log10(x)
Error: `log10()` is not supported for <ym>.

> log2(x)
Error: `log2()` is not supported for <ym>.

> log1p(x)
Error: `log1p()` is not supported for <ym>.

> acos(x)
Error: `acos()` is not supported for <ym>.

> acosh(x)
Error: `acosh()` is not supported for <ym>.

> asin(x)
Error: `asin()` is not supported for <ym>.

> asinh(x)
Error: `asinh()` is not supported for <ym>.

> atan(x)
Error: `atan()` is not supported for <ym>.

> atanh(x)
Error: `atanh()` is not supported for <ym>.

> exp(x)
Error: `exp()` is not supported for <ym>.

> expm1(x)
Error: `expm1()` is not supported for <ym>.

> cos(x)
Error: `cos()` is not supported for <ym>.

> cosh(x)
Error: `cosh()` is not supported for <ym>.

> cospi(x)
Error: `cospi()` is not supported for <ym>.

> sin(x)
Error: `sin()` is not supported for <ym>.

> sinh(x)
Error: `sinh()` is not supported for <ym>.

> sinpi(x)
Error: `sinpi()` is not supported for <ym>.

> tan(x)
Error: `tan()` is not supported for <ym>.

> tanh(x)
Error: `tanh()` is not supported for <ym>.

> tanpi(x)
Error: `tanpi()` is not supported for <ym>.

> gamma(x)
Error: `gamma()` is not supported for <ym>.

> lgamma(x)
Error: `lgamma()` is not supported for <ym>.

> digamma(x)
Error: `digamma()` is not supported for <ym>.

> trigamma(x)
Error: `trigamma()` is not supported for <ym>.


mean() generic is not supported
===============================

> mean(x)
Error: `mean()` is not supported for <ym>.

